<html>
<body>
<pre>
<h1>µVision Build Log</h1>
<h2>Project:</h2>
C:\Users\HuWeijian\Documents\GitHub\STM32_ZCH\USER\Project.uvproj
Project File Date:  04/22/2016

<h2>Output:</h2>
Build target 'Project'
compiling pwm.c...
linking...
Program Size: Code=11596 RO-data=268 RW-data=48 ZI-data=1832  
FromELF: creating hex file...
".\Output\Project.axf" - 0 Error(s), 0 Warning(s).
Load "C:\\Users\\HuWeijian\\Documents\\GitHub\\STM32_ZCH\\USER\\Output\\Project.axf" 
Erase Done.
Programming Done.
Verify OK.
Application running ...
</pre>
</body>
</html>
t.axf" 
Error: Flash Download failed  -  Target DLL has been cancelled
Load "C:\\Users\\HuWeijian\\Documents\\GitHub\\STM32_ZCH\\USER\\Output\\Project.axf" 
Erase Done.
Programming Done.
Verify OK.
Application running ...
Load "C:\\Users\\HuWeijian\\Documents\\GitHub\\STM32_ZCH\\USER\\Output\\Project.axf" 
Erase Done.
Programming Done.
Verify OK.
Application running ...
