<html>
<body>
<pre>
<h1>µVision Build Log</h1>
<h2>Project:</h2>
C:\Users\Hu Weijian\Documents\GitHub\STM32_ZCH\USER\Project.uvproj
Project File Date:  04/21/2016

<h2>Output:</h2>
Build target 'Project'
compiling pwm.c...
linking...
Program Size: Code=10036 RO-data=268 RW-data=48 ZI-data=1832  
FromELF: creating hex file...
".\Output\Project.axf" - 0 Error(s), 0 Warning(s).
Load "C:\\Users\\Hu Weijian\\Documents\\GitHub\\STM32_ZCH\\USER\\Output\\Project.axf" 
Erase Done.
Programming Done.
Verify OK.
Application running ...
</pre>
</body>
</html>

        u16 CCR4_Val = 125;
..\BSP\PWM\pwm.c: 3 warnings, 0 errors
linking...
Program Size: Code=10044 RO-data=268 RW-data=48 ZI-data=1832  
FromELF: creating hex file...
".\Output\Project.axf" - 0 Error(s), 3 Warning(s).
